( (Right (1))
, ({ tally: ({ BStep BConst causes ({ cpu: 267957
| mem: 900
})
| BStep BVar causes ({ cpu: 1071828
| mem: 3600
})
| BStep BLamAbs causes ({ cpu: 893190
| mem: 3000
})
| BStep BApply causes ({ cpu: 1548196
| mem: 5200
})
| BStep BDelay causes ({ cpu: 267957
| mem: 900
})
| BStep BForce causes ({ cpu: 357276
| mem: 1200
})
| BStep BBuiltin causes ({ cpu: 267957
| mem: 900
})
| BBuiltinApp AddInteger causes ({ cpu: 303935
| mem: 2
})
| BBuiltinApp SubtractInteger causes ({ cpu: 607870
| mem: 4
})
| BBuiltinApp LessThanEqualsInteger causes ({ cpu: 998784
| mem: 3
})
| BBuiltinApp IfThenElse causes ({ cpu: 480120
| mem: 3
})
| BStartup causes ({ cpu: 100
| mem: 100
})})
| budget: ({ cpu: 7065170
| mem: 15812
})
}) )