( (Right (2))
, ({ tally: ({ BStep BConst causes ({ cpu: 446595
| mem: 1500
})
| BStep BVar causes ({ cpu: 1756607
| mem: 5900
})
| BStep BLamAbs causes ({ cpu: 1369558
| mem: 4600
})
| BStep BApply causes ({ cpu: 2560478
| mem: 8600
})
| BStep BDelay causes ({ cpu: 387049
| mem: 1300
})
| BStep BForce causes ({ cpu: 535914
| mem: 1800
})
| BStep BBuiltin causes ({ cpu: 476368
| mem: 1600
})
| BBuiltinApp AddInteger causes ({ cpu: 607870
| mem: 4
})
| BBuiltinApp SubtractInteger causes ({ cpu: 1215740
| mem: 8
})
| BBuiltinApp LessThanEqualsInteger causes ({ cpu: 1664640
| mem: 5
})
| BBuiltinApp IfThenElse causes ({ cpu: 800200
| mem: 5
})
| BStartup causes ({ cpu: 100
| mem: 100
})})
| budget: ({ cpu: 11821119
| mem: 25422
})
}) )